Matrix A
  -9    4    7 
Matrix B
   3   -5    3 
  -1    5  -10 
  -2   -1   -5 
Matrix C
 -45   58 -102 
