Matrix A
  -9    4 
   7    3 
Matrix B
  -5    3 
  -1    5 
Matrix C
  41   -7 
 -38   36 
