Matrix A
  -9    4 
   7    3 
  -5    3 
Matrix B
  -1    5  -10 
  -2   -1   -5 
Matrix C
   1  -49   70 
 -13   32  -85 
  -1  -28   35 
