Matrix A
  -9    4    7 
   3   -5    3 
  -1    5  -10 
Matrix B
  -2   -1 
  -5   -6 
  -1    2 
Matrix C
  -9   -1 
  16   33 
 -13  -49 
